[debug] [2026-04-12T19:08:32.759Z] ----------------------------------------------------------------------
[debug] [2026-04-12T19:08:32.762Z] Command:       C:\Program Files\nodejs\node.exe C:\Users\thand\AppData\Roaming\npm\node_modules\firebase-tools\lib\bin\firebase.js deploy
[debug] [2026-04-12T19:08:32.762Z] CLI Version:   15.12.0
[debug] [2026-04-12T19:08:32.763Z] Platform:      win32
[debug] [2026-04-12T19:08:32.763Z] Node Version:  v24.11.1
[debug] [2026-04-12T19:08:32.763Z] Time:          Sun Apr 12 2026 21:08:32 GMT+0200 (South Africa Standard Time)
[debug] [2026-04-12T19:08:32.763Z] ----------------------------------------------------------------------
[debug] 
[debug] [2026-04-12T19:08:32.766Z] >>> [apiv2][query] GET https://firebase-public.firebaseio.com/cli.json [none]
[debug] [2026-04-12T19:08:35.061Z] > command requires scopes: ["email","openid","https://www.googleapis.com/auth/cloudplatformprojects.readonly","https://www.googleapis.com/auth/firebase","https://www.googleapis.com/auth/cloud-platform"]
[debug] [2026-04-12T19:08:35.061Z] > authorizing via signed-in user (thandululo99@gmail.com)
[debug] [2026-04-12T19:08:35.061Z] [iam] checking project nengovhela-badb4 for permissions ["firebase.projects.get","firebasehosting.sites.update"]
[debug] [2026-04-12T19:08:35.061Z] Checked if tokens are valid: false, expires at: 1775935230221
[debug] [2026-04-12T19:08:35.062Z] Checked if tokens are valid: false, expires at: 1775935230221
[debug] [2026-04-12T19:08:35.062Z] > refreshing access token with scopes: []
[debug] [2026-04-12T19:08:35.062Z] >>> [apiv2][query] POST https://www.googleapis.com/oauth2/v3/token [none]
[debug] [2026-04-12T19:08:35.062Z] >>> [apiv2][body] POST https://www.googleapis.com/oauth2/v3/token [omitted]
[debug] [2026-04-12T19:08:40.988Z] <<< [apiv2][status] GET https://firebase-public.firebaseio.com/cli.json 200
[debug] [2026-04-12T19:08:40.988Z] <<< [apiv2][body] GET https://firebase-public.firebaseio.com/cli.json {"cloudBuildErrorAfter":1594252800000,"cloudBuildWarnAfter":1590019200000,"defaultNode10After":1594252800000,"minVersion":"3.0.5","node8DeploysDisabledAfter":1613390400000,"node8RuntimeDisabledAfter":1615809600000,"node8WarnAfter":1600128000000}
[debug] [2026-04-12T19:08:42.452Z] <<< [apiv2][status] POST https://www.googleapis.com/oauth2/v3/token 200
[debug] [2026-04-12T19:08:42.452Z] <<< [apiv2][body] POST https://www.googleapis.com/oauth2/v3/token [omitted]
[debug] [2026-04-12T19:08:42.477Z] >>> [apiv2][query] POST https://cloudresourcemanager.googleapis.com/v1/projects/nengovhela-badb4:testIamPermissions [none]
[debug] [2026-04-12T19:08:42.477Z] >>> [apiv2][(partial)header] POST https://cloudresourcemanager.googleapis.com/v1/projects/nengovhela-badb4:testIamPermissions  x-goog-user-project=nengovhela-badb4
[debug] [2026-04-12T19:08:42.477Z] >>> [apiv2][body] POST https://cloudresourcemanager.googleapis.com/v1/projects/nengovhela-badb4:testIamPermissions {"permissions":["firebase.projects.get","firebasehosting.sites.update"]}
[debug] [2026-04-12T19:08:52.890Z] <<< [apiv2][status] POST https://cloudresourcemanager.googleapis.com/v1/projects/nengovhela-badb4:testIamPermissions 200
[debug] [2026-04-12T19:08:52.891Z] <<< [apiv2][body] POST https://cloudresourcemanager.googleapis.com/v1/projects/nengovhela-badb4:testIamPermissions {"permissions":["firebase.projects.get","firebasehosting.sites.update"]}
[debug] [2026-04-12T19:08:52.894Z] Checked if tokens are valid: true, expires at: 1776024521452
[debug] [2026-04-12T19:08:52.894Z] Checked if tokens are valid: true, expires at: 1776024521452
[debug] [2026-04-12T19:08:52.896Z] >>> [apiv2][query] GET https://firebase.googleapis.com/v1beta1/projects/nengovhela-badb4 [none]
[debug] [2026-04-12T19:09:02.328Z] <<< [apiv2][status] GET https://firebase.googleapis.com/v1beta1/projects/nengovhela-badb4 200
[debug] [2026-04-12T19:09:02.328Z] <<< [apiv2][body] GET https://firebase.googleapis.com/v1beta1/projects/nengovhela-badb4 {"projectId":"nengovhela-badb4","projectNumber":"277739146084","displayName":"Nengovhela","name":"projects/nengovhela-badb4","resources":{"hostingSite":"nengovhela-badb4"},"state":"ACTIVE","etag":"1_23302233-f4d0-4799-94cc-c8bfd38117ba"}
[info] 
[info] === Deploying to 'nengovhela-badb4'...
[info] 
[info] i  deploying hosting 
[debug] [2026-04-12T19:09:02.343Z] Checked if tokens are valid: true, expires at: 1776024521452
[debug] [2026-04-12T19:09:02.343Z] Checked if tokens are valid: true, expires at: 1776024521452
[debug] [2026-04-12T19:09:02.343Z] >>> [apiv2][query] POST https://firebasehosting.googleapis.com/v1beta1/projects/-/sites/nengovhela-badb4/versions [none]
[debug] [2026-04-12T19:09:02.343Z] >>> [apiv2][body] POST https://firebasehosting.googleapis.com/v1beta1/projects/-/sites/nengovhela-badb4/versions {"status":"CREATED","labels":{"deployment-tool":"cli-firebase"}}
[debug] [2026-04-12T19:09:16.531Z] <<< [apiv2][status] POST https://firebasehosting.googleapis.com/v1beta1/projects/-/sites/nengovhela-badb4/versions 200
[debug] [2026-04-12T19:09:16.532Z] <<< [apiv2][body] POST https://firebasehosting.googleapis.com/v1beta1/projects/-/sites/nengovhela-badb4/versions {"name":"projects/277739146084/sites/nengovhela-badb4/versions/d9f5c1cdf462e0aa","status":"CREATED","config":{},"labels":{"deployment-tool":"cli-firebase"}}
[info] i  hosting[nengovhela-badb4]: beginning deploy... 
[info] i  hosting[nengovhela-badb4]: found 41 files in out 
[debug] [2026-04-12T19:09:16.552Z] [hosting] uploading with 200 concurrency
[debug] [2026-04-12T19:09:16.593Z] Checked if tokens are valid: true, expires at: 1776024521452
[debug] [2026-04-12T19:09:16.593Z] Checked if tokens are valid: true, expires at: 1776024521452
[debug] [2026-04-12T19:09:16.595Z] [hosting] hash cache [b3V0] stored for 41 files
[debug] [2026-04-12T19:09:16.595Z] [hosting][hash queue][FINAL] {"max":35,"min":2,"avg":15.439024390243903,"active":0,"complete":41,"success":41,"errored":0,"retried":0,"total":41,"elapsed":42}
[debug] [2026-04-12T19:09:16.595Z] >>> [apiv2][query] POST https://firebasehosting.googleapis.com/v1beta1/projects/277739146084/sites/nengovhela-badb4/versions/d9f5c1cdf462e0aa:populateFiles [none]
[debug] [2026-04-12T19:09:16.595Z] >>> [apiv2][body] POST https://firebasehosting.googleapis.com/v1beta1/projects/277739146084/sites/nengovhela-badb4/versions/d9f5c1cdf462e0aa:populateFiles {"files":{"/window.svg":"6bd2003bd35bb32c1c0d99ab3aeac0cc1edaefd79f27df1d954bc87184048d74","/vercel.svg":"529a1a21b4a82475a82db26173c28d7b27e2dc9d4b900eaf1c5329d96eea4ddd","/next.svg":"0665b9ab4493aa9d7e988b57024e28772ae543e804b8cf6b0a3633854b7c3c7f","/globe.svg":"6502a3e6120bf2d6e8417e7c40bb57fb8a6954de9c86d3f43076a75b60cd23a2","/file.svg":"5a09df6187e21aa9a7d05094389385876ac93c818e1dcbb77a26a8fe408bf79c","/__next._head.txt":"704e4e597b7a544a6c4eb190d7c1faf44d3efdf902216aeffc0c5e089a184c2c","/__next.__PAGE__.txt":"9f03c93aa741a48a6c897a17b8e38925abcb6f032bd70f7fad113dfd24c2cb55","/__next._tree.txt":"b219d6891eca84df9da7d34664f18497c1f2a8702a0eb984e9e993fddb030d65","/_not-found.txt":"153f005f8eec5f4ad2ae51eb72c27bb1570c5a376410f4e551b30680a18aa2bd","/__next._full.txt":"0ce3525b1b60eed7c6df5c8942d4dd2d4de49fa3bc35a6f9211ec4e3a563e324","/_not-found.html":"a25ba3d03b21fb9b1aada1f64d9be2d0995ce4897f4ebc031b1a03f455a1ab5d","/404.html":"a25ba3d03b21fb9b1aada1f64d9be2d0995ce4897f4ebc031b1a03f455a1ab5d","/index.txt":"0ce3525b1b60eed7c6df5c8942d4dd2d4de49fa3bc35a6f9211ec4e3a563e324","/_not-found/__next._tree.txt":"6c05c8aff3a726871dd562f83ca966aff1fc829105da67a6b3c61c65cff46e7b","/_not-found/__next._index.txt":"d151688dc8d95444b9f0aeafbb398672894d5a9bd6f0ce02c59c328b47f601df","/_not-found/__next._head.txt":"8357db3bac0c84ac8ceccd5604614437a398deabcc7c13f51dc60adf7e81d5c3","/_not-found/__next._not-found.txt":"ee7275907e2ecfc90e6a22bf74fabc0c2cfad7195365c5c7dd67ec9727a25226","/_not-found/__next._not-found/__PAGE__.txt":"79e5d32291891d287dbab728434825c10b97894d5610c7bcf18451f8eae666a5","/_next/static/media/fa-v4compatibility.b79b72d9.woff2":"d64efa4ed16660598736cdcbdff1f3f90b85d55aafee5c24dd8b84dc836a4d87","/index.html":"ef94c1e2f612b0f748511d90d1d74cfcfef42dff9af382a28018fd410847e1f4","/_not-found/__next._full.txt":"153f005f8eec5f4ad2ae51eb72c27bb1570c5a376410f4e551b30680a18aa2bd","/__next._index.txt":"d151688dc8d95444b9f0aeafbb398672894d5a9bd6f0ce02c59c328b47f601df","/favicon.ico":"36eaaa9259cda5765c4061fa8b7bf61c74dbda3a2a721a0811c73f5dae61a2e9","/_next/static/e_3QfyHHnTCHKq8cuZ7J_/_ssgManifest.js":"dc28a4dc92fe352ed5d2201bd3972ce47691bc8e89e0400a68d1541d0567c6d5","/_next/static/e_3QfyHHnTCHKq8cuZ7J_/_clientMiddlewareManifest.json":"61663fde99b3394d71653f41c19fe91269442622a4a6695f8352a70fbf5ca4c1","/_next/static/e_3QfyHHnTCHKq8cuZ7J_/_buildManifest.js":"dcbe1c9b9159ca21caea98e1bad364012ae284e9551375ca62b83d2811efac91","/_next/static/media/favicon.0b3bf435.ico":"36eaaa9259cda5765c4061fa8b7bf61c74dbda3a2a721a0811c73f5dae61a2e9","/_next/static/chunks/ff1a16fafef87110.js":"1c5ce9de9f2087594a99c79ed2344979288c2efaeb57adf3aecb7d6c8dfa5bcf","/_next/static/chunks/2f5d2cf1c8802e51.js":"246e439641b892dd0d3830641ec6718fb50759e8a174f81ba1aa954339bc2e83","/_next/static/chunks/247eb132b7f7b574.js":"9921c934244f7dc73e4a67ae57f0e6ad054227c2f4b49c7c96f9d3673b64f86d","/_next/static/chunks/240461da8f3815e6.js":"223d19361106cb5bd8e2a5102f4a7f367af11e6caed5c6f4fc82fa17d5d56ef7","/_next/static/chunks/82f4b84e1cb4d8c0.js":"06f5012f981605b81ff33a9144195272b09b667c6e85b6159a2ba4802b11e4f2","/_next/static/chunks/turbopack-abc3f2ee5ceae981.js":"2602dbb5ed1f8104478e049b7dc321fafa6d69270ef87e8a95368d1ed41fa466","/_next/static/media/fa-regular-400.d86f6d6c.woff2":"b1017708696dd9303bee75b08a78641ff0600222fc4fae75c9c40688b23fb14a","/_next/static/chunks/01787aef0bc207ac.js":"3d3a8b074dce03b902dc30bc8293e0d22a8d9e17a3de3edff2f1ea1198123431","/_next/static/chunks/707caf4a41cfab0c.css":"a306d15109b8d864390ccd5ea0ac0bec778f804e0c5995afc585825ccd1467b9","/_next/static/chunks/a6dad97d9634a72d.js":"18e28d3214eda45048d80d3925ea7627b809e69ad2e95f7f98459e9146a61c3d","/_next/static/media/fa-brands-400.c9f19c9f.woff2":"b3a995a7b4a2e99e75ad51e766674cccb96d40d29384bbab25471e28ad4d6168","/_next/static/media/fa-solid-900.7116df63.woff2":"bd11e5f75d3872d906025d8a13d0cca076b4f47b3ac726f1b7333d6641d784f5","/_next/static/chunks/158efbd8437f482d.css":"e9ef9b77162a4e68184e914989de5fd2ebd93a26cceaa6ffe8d2d96962bf6d4e","/_next/static/chunks/10ce5e512b02c9c2.js":"af1b5add3acca5b2b9bcc82bc2e6ca4a64b16ac1f40247fa5e222b4e09dbb754"}}
[debug] [2026-04-12T19:09:18.880Z] <<< [apiv2][status] POST https://firebasehosting.googleapis.com/v1beta1/projects/277739146084/sites/nengovhela-badb4/versions/d9f5c1cdf462e0aa:populateFiles 200
[debug] [2026-04-12T19:09:18.881Z] <<< [apiv2][body] POST https://firebasehosting.googleapis.com/v1beta1/projects/277739146084/sites/nengovhela-badb4/versions/d9f5c1cdf462e0aa:populateFiles {"uploadRequiredHashes":["223d19361106cb5bd8e2a5102f4a7f367af11e6caed5c6f4fc82fa17d5d56ef7","a25ba3d03b21fb9b1aada1f64d9be2d0995ce4897f4ebc031b1a03f455a1ab5d","704e4e597b7a544a6c4eb190d7c1faf44d3efdf902216aeffc0c5e089a184c2c","b219d6891eca84df9da7d34664f18497c1f2a8702a0eb984e9e993fddb030d65","d151688dc8d95444b9f0aeafbb398672894d5a9bd6f0ce02c59c328b47f601df","79e5d32291891d287dbab728434825c10b97894d5610c7bcf18451f8eae666a5","153f005f8eec5f4ad2ae51eb72c27bb1570c5a376410f4e551b30680a18aa2bd","9f03c93aa741a48a6c897a17b8e38925abcb6f032bd70f7fad113dfd24c2cb55","ee7275907e2ecfc90e6a22bf74fabc0c2cfad7195365c5c7dd67ec9727a25226","af1b5add3acca5b2b9bcc82bc2e6ca4a64b16ac1f40247fa5e222b4e09dbb754","0ce3525b1b60eed7c6df5c8942d4dd2d4de49fa3bc35a6f9211ec4e3a563e324","06f5012f981605b81ff33a9144195272b09b667c6e85b6159a2ba4802b11e4f2","2602dbb5ed1f8104478e049b7dc321fafa6d69270ef87e8a95368d1ed41fa466","ef94c1e2f612b0f748511d90d1d74cfcfef42dff9af382a28018fd410847e1f4","8357db3bac0c84ac8ceccd5604614437a398deabcc7c13f51dc60adf7e81d5c3","6c05c8aff3a726871dd562f83ca966aff1fc829105da67a6b3c61c65cff46e7b"],"uploadUrl":"https://upload-firebasehosting.googleapis.com/upload/sites/nengovhela-badb4/versions/d9f5c1cdf462e0aa/files"}
[debug] [2026-04-12T19:09:18.881Z] Checked if tokens are valid: true, expires at: 1776024521452
[debug] [2026-04-12T19:09:18.881Z] Checked if tokens are valid: true, expires at: 1776024521452
[debug] [2026-04-12T19:09:18.882Z] Checked if tokens are valid: true, expires at: 1776024521452
[debug] [2026-04-12T19:09:18.882Z] Checked if tokens are valid: true, expires at: 1776024521452
[debug] [2026-04-12T19:09:18.882Z] Checked if tokens are valid: true, expires at: 1776024521452
[debug] [2026-04-12T19:09:18.882Z] Checked if tokens are valid: true, expires at: 1776024521452
[debug] [2026-04-12T19:09:18.882Z] Checked if tokens are valid: true, expires at: 1776024521452
[debug] [2026-04-12T19:09:18.882Z] Checked if tokens are valid: true, expires at: 1776024521452
[debug] [2026-04-12T19:09:18.882Z] Checked if tokens are valid: true, expires at: 1776024521452
[debug] [2026-04-12T19:09:18.882Z] Checked if tokens are valid: true, expires at: 1776024521452
[debug] [2026-04-12T19:09:18.882Z] Checked if tokens are valid: true, expires at: 1776024521452
[debug] [2026-04-12T19:09:18.882Z] Checked if tokens are valid: true, expires at: 1776024521452
[debug] [2026-04-12T19:09:18.882Z] Checked if tokens are valid: true, expires at: 1776024521452
[debug] [2026-04-12T19:09:18.882Z] Checked if tokens are valid: true, expires at: 1776024521452
[debug] [2026-04-12T19:09:18.882Z] Checked if tokens are valid: true, expires at: 1776024521452
[debug] [2026-04-12T19:09:18.882Z] Checked if tokens are valid: true, expires at: 1776024521452
[debug] [2026-04-12T19:09:18.882Z] Checked if tokens are valid: true, expires at: 1776024521452
[debug] [2026-04-12T19:09:18.882Z] Checked if tokens are valid: true, expires at: 1776024521452
[debug] [2026-04-12T19:09:18.882Z] Checked if tokens are valid: true, expires at: 1776024521452
[debug] [2026-04-12T19:09:18.882Z] Checked if tokens are valid: true, expires at: 1776024521452
[debug] [2026-04-12T19:09:18.882Z] Checked if tokens are valid: true, expires at: 1776024521452
[debug] [2026-04-12T19:09:18.882Z] Checked if tokens are valid: true, expires at: 1776024521452
[debug] [2026-04-12T19:09:18.882Z] Checked if tokens are valid: true, expires at: 1776024521452
[debug] [2026-04-12T19:09:18.882Z] Checked if tokens are valid: true, expires at: 1776024521452
[debug] [2026-04-12T19:09:18.882Z] Checked if tokens are valid: true, expires at: 1776024521452
[debug] [2026-04-12T19:09:18.882Z] Checked if tokens are valid: true, expires at: 1776024521452
[debug] [2026-04-12T19:09:18.882Z] Checked if tokens are valid: true, expires at: 1776024521452
[debug] [2026-04-12T19:09:18.882Z] Checked if tokens are valid: true, expires at: 1776024521452
[debug] [2026-04-12T19:09:18.882Z] Checked if tokens are valid: true, expires at: 1776024521452
[debug] [2026-04-12T19:09:18.882Z] Checked if tokens are valid: true, expires at: 1776024521452
[debug] [2026-04-12T19:09:18.883Z] Checked if tokens are valid: true, expires at: 1776024521452
[debug] [2026-04-12T19:09:18.883Z] Checked if tokens are valid: true, expires at: 1776024521452
[debug] [2026-04-12T19:09:18.883Z] >>> [apiv2][query] POST https://upload-firebasehosting.googleapis.com/upload/sites/nengovhela-badb4/versions/d9f5c1cdf462e0aa/files/223d19361106cb5bd8e2a5102f4a7f367af11e6caed5c6f4fc82fa17d5d56ef7 [none]
[debug] [2026-04-12T19:09:18.883Z] >>> [apiv2][body] POST https://upload-firebasehosting.googleapis.com/upload/sites/nengovhela-badb4/versions/d9f5c1cdf462e0aa/files/223d19361106cb5bd8e2a5102f4a7f367af11e6caed5c6f4fc82fa17d5d56ef7 [stream]
[debug] [2026-04-12T19:09:18.884Z] >>> [apiv2][query] POST https://upload-firebasehosting.googleapis.com/upload/sites/nengovhela-badb4/versions/d9f5c1cdf462e0aa/files/a25ba3d03b21fb9b1aada1f64d9be2d0995ce4897f4ebc031b1a03f455a1ab5d [none]
[debug] [2026-04-12T19:09:18.884Z] >>> [apiv2][body] POST https://upload-firebasehosting.googleapis.com/upload/sites/nengovhela-badb4/versions/d9f5c1cdf462e0aa/files/a25ba3d03b21fb9b1aada1f64d9be2d0995ce4897f4ebc031b1a03f455a1ab5d [stream]
[debug] [2026-04-12T19:09:18.884Z] >>> [apiv2][query] POST https://upload-firebasehosting.googleapis.com/upload/sites/nengovhela-badb4/versions/d9f5c1cdf462e0aa/files/704e4e597b7a544a6c4eb190d7c1faf44d3efdf902216aeffc0c5e089a184c2c [none]
[debug] [2026-04-12T19:09:18.884Z] >>> [apiv2][body] POST https://upload-firebasehosting.googleapis.com/upload/sites/nengovhela-badb4/versions/d9f5c1cdf462e0aa/files/704e4e597b7a544a6c4eb190d7c1faf44d3efdf902216aeffc0c5e089a184c2c [stream]
[debug] [2026-04-12T19:09:18.885Z] >>> [apiv2][query] POST https://upload-firebasehosting.googleapis.com/upload/sites/nengovhela-badb4/versions/d9f5c1cdf462e0aa/files/b219d6891eca84df9da7d34664f18497c1f2a8702a0eb984e9e993fddb030d65 [none]
[debug] [2026-04-12T19:09:18.885Z] >>> [apiv2][body] POST https://upload-firebasehosting.googleapis.com/upload/sites/nengovhela-badb4/versions/d9f5c1cdf462e0aa/files/b219d6891eca84df9da7d34664f18497c1f2a8702a0eb984e9e993fddb030d65 [stream]
[debug] [2026-04-12T19:09:18.886Z] >>> [apiv2][query] POST https://upload-firebasehosting.googleapis.com/upload/sites/nengovhela-badb4/versions/d9f5c1cdf462e0aa/files/d151688dc8d95444b9f0aeafbb398672894d5a9bd6f0ce02c59c328b47f601df [none]
[debug] [2026-04-12T19:09:18.886Z] >>> [apiv2][body] POST https://upload-firebasehosting.googleapis.com/upload/sites/nengovhela-badb4/versions/d9f5c1cdf462e0aa/files/d151688dc8d95444b9f0aeafbb398672894d5a9bd6f0ce02c59c328b47f601df [stream]
[debug] [2026-04-12T19:09:18.887Z] >>> [apiv2][query] POST https://upload-firebasehosting.googleapis.com/upload/sites/nengovhela-badb4/versions/d9f5c1cdf462e0aa/files/79e5d32291891d287dbab728434825c10b97894d5610c7bcf18451f8eae666a5 [none]
[debug] [2026-04-12T19:09:18.887Z] >>> [apiv2][body] POST https://upload-firebasehosting.googleapis.com/upload/sites/nengovhela-badb4/versions/d9f5c1cdf462e0aa/files/79e5d32291891d287dbab728434825c10b97894d5610c7bcf18451f8eae666a5 [stream]
[debug] [2026-04-12T19:09:18.887Z] >>> [apiv2][query] POST https://upload-firebasehosting.googleapis.com/upload/sites/nengovhela-badb4/versions/d9f5c1cdf462e0aa/files/153f005f8eec5f4ad2ae51eb72c27bb1570c5a376410f4e551b30680a18aa2bd [none]
[debug] [2026-04-12T19:09:18.887Z] >>> [apiv2][body] POST https://upload-firebasehosting.googleapis.com/upload/sites/nengovhela-badb4/versions/d9f5c1cdf462e0aa/files/153f005f8eec5f4ad2ae51eb72c27bb1570c5a376410f4e551b30680a18aa2bd [stream]
[debug] [2026-04-12T19:09:18.888Z] >>> [apiv2][query] POST https://upload-firebasehosting.googleapis.com/upload/sites/nengovhela-badb4/versions/d9f5c1cdf462e0aa/files/9f03c93aa741a48a6c897a17b8e38925abcb6f032bd70f7fad113dfd24c2cb55 [none]
[debug] [2026-04-12T19:09:18.888Z] >>> [apiv2][body] POST https://upload-firebasehosting.googleapis.com/upload/sites/nengovhela-badb4/versions/d9f5c1cdf462e0aa/files/9f03c93aa741a48a6c897a17b8e38925abcb6f032bd70f7fad113dfd24c2cb55 [stream]
[debug] [2026-04-12T19:09:18.888Z] >>> [apiv2][query] POST https://upload-firebasehosting.googleapis.com/upload/sites/nengovhela-badb4/versions/d9f5c1cdf462e0aa/files/ee7275907e2ecfc90e6a22bf74fabc0c2cfad7195365c5c7dd67ec9727a25226 [none]
[debug] [2026-04-12T19:09:18.888Z] >>> [apiv2][body] POST https://upload-firebasehosting.googleapis.com/upload/sites/nengovhela-badb4/versions/d9f5c1cdf462e0aa/files/ee7275907e2ecfc90e6a22bf74fabc0c2cfad7195365c5c7dd67ec9727a25226 [stream]
[debug] [2026-04-12T19:09:18.889Z] >>> [apiv2][query] POST https://upload-firebasehosting.googleapis.com/upload/sites/nengovhela-badb4/versions/d9f5c1cdf462e0aa/files/af1b5add3acca5b2b9bcc82bc2e6ca4a64b16ac1f40247fa5e222b4e09dbb754 [none]
[debug] [2026-04-12T19:09:18.889Z] >>> [apiv2][body] POST https://upload-firebasehosting.googleapis.com/upload/sites/nengovhela-badb4/versions/d9f5c1cdf462e0aa/files/af1b5add3acca5b2b9bcc82bc2e6ca4a64b16ac1f40247fa5e222b4e09dbb754 [stream]
[debug] [2026-04-12T19:09:18.890Z] >>> [apiv2][query] POST https://upload-firebasehosting.googleapis.com/upload/sites/nengovhela-badb4/versions/d9f5c1cdf462e0aa/files/0ce3525b1b60eed7c6df5c8942d4dd2d4de49fa3bc35a6f9211ec4e3a563e324 [none]
[debug] [2026-04-12T19:09:18.890Z] >>> [apiv2][body] POST https://upload-firebasehosting.googleapis.com/upload/sites/nengovhela-badb4/versions/d9f5c1cdf462e0aa/files/0ce3525b1b60eed7c6df5c8942d4dd2d4de49fa3bc35a6f9211ec4e3a563e324 [stream]
[debug] [2026-04-12T19:09:18.890Z] >>> [apiv2][query] POST https://upload-firebasehosting.googleapis.com/upload/sites/nengovhela-badb4/versions/d9f5c1cdf462e0aa/files/06f5012f981605b81ff33a9144195272b09b667c6e85b6159a2ba4802b11e4f2 [none]
[debug] [2026-04-12T19:09:18.890Z] >>> [apiv2][body] POST https://upload-firebasehosting.googleapis.com/upload/sites/nengovhela-badb4/versions/d9f5c1cdf462e0aa/files/06f5012f981605b81ff33a9144195272b09b667c6e85b6159a2ba4802b11e4f2 [stream]
[debug] [2026-04-12T19:09:18.891Z] >>> [apiv2][query] POST https://upload-firebasehosting.googleapis.com/upload/sites/nengovhela-badb4/versions/d9f5c1cdf462e0aa/files/2602dbb5ed1f8104478e049b7dc321fafa6d69270ef87e8a95368d1ed41fa466 [none]
[debug] [2026-04-12T19:09:18.891Z] >>> [apiv2][body] POST https://upload-firebasehosting.googleapis.com/upload/sites/nengovhela-badb4/versions/d9f5c1cdf462e0aa/files/2602dbb5ed1f8104478e049b7dc321fafa6d69270ef87e8a95368d1ed41fa466 [stream]
[debug] [2026-04-12T19:09:18.891Z] >>> [apiv2][query] POST https://upload-firebasehosting.googleapis.com/upload/sites/nengovhela-badb4/versions/d9f5c1cdf462e0aa/files/ef94c1e2f612b0f748511d90d1d74cfcfef42dff9af382a28018fd410847e1f4 [none]
[debug] [2026-04-12T19:09:18.891Z] >>> [apiv2][body] POST https://upload-firebasehosting.googleapis.com/upload/sites/nengovhela-badb4/versions/d9f5c1cdf462e0aa/files/ef94c1e2f612b0f748511d90d1d74cfcfef42dff9af382a28018fd410847e1f4 [stream]
[debug] [2026-04-12T19:09:18.892Z] >>> [apiv2][query] POST https://upload-firebasehosting.googleapis.com/upload/sites/nengovhela-badb4/versions/d9f5c1cdf462e0aa/files/8357db3bac0c84ac8ceccd5604614437a398deabcc7c13f51dc60adf7e81d5c3 [none]
[debug] [2026-04-12T19:09:18.892Z] >>> [apiv2][body] POST https://upload-firebasehosting.googleapis.com/upload/sites/nengovhela-badb4/versions/d9f5c1cdf462e0aa/files/8357db3bac0c84ac8ceccd5604614437a398deabcc7c13f51dc60adf7e81d5c3 [stream]
[debug] [2026-04-12T19:09:18.892Z] >>> [apiv2][query] POST https://upload-firebasehosting.googleapis.com/upload/sites/nengovhela-badb4/versions/d9f5c1cdf462e0aa/files/6c05c8aff3a726871dd562f83ca966aff1fc829105da67a6b3c61c65cff46e7b [none]
[debug] [2026-04-12T19:09:18.892Z] >>> [apiv2][body] POST https://upload-firebasehosting.googleapis.com/upload/sites/nengovhela-badb4/versions/d9f5c1cdf462e0aa/files/6c05c8aff3a726871dd562f83ca966aff1fc829105da67a6b3c61c65cff46e7b [stream]
[debug] [2026-04-12T19:09:18.893Z] [hosting][populate queue][FINAL] {"max":2290,"min":2290,"avg":2290,"active":0,"complete":1,"success":1,"errored":0,"retried":0,"total":1,"elapsed":2300}
[debug] [2026-04-12T19:09:18.893Z] [hosting] uploads queued: 16
[debug] [2026-04-12T19:09:27.105Z] <<< [apiv2][status] POST https://upload-firebasehosting.googleapis.com/upload/sites/nengovhela-badb4/versions/d9f5c1cdf462e0aa/files/223d19361106cb5bd8e2a5102f4a7f367af11e6caed5c6f4fc82fa17d5d56ef7 200
[debug] [2026-04-12T19:09:27.105Z] <<< [apiv2][body] POST https://upload-firebasehosting.googleapis.com/upload/sites/nengovhela-badb4/versions/d9f5c1cdf462e0aa/files/223d19361106cb5bd8e2a5102f4a7f367af11e6caed5c6f4fc82fa17d5d56ef7 [stream]
[debug] [2026-04-12T19:09:27.202Z] <<< [apiv2][status] POST https://upload-firebasehosting.googleapis.com/upload/sites/nengovhela-badb4/versions/d9f5c1cdf462e0aa/files/704e4e597b7a544a6c4eb190d7c1faf44d3efdf902216aeffc0c5e089a184c2c 200
[debug] [2026-04-12T19:09:27.203Z] <<< [apiv2][body] POST https://upload-firebasehosting.googleapis.com/upload/sites/nengovhela-badb4/versions/d9f5c1cdf462e0aa/files/704e4e597b7a544a6c4eb190d7c1faf44d3efdf902216aeffc0c5e089a184c2c [stream]
[debug] [2026-04-12T19:09:27.203Z] <<< [apiv2][status] POST https://upload-firebasehosting.googleapis.com/upload/sites/nengovhela-badb4/versions/d9f5c1cdf462e0aa/files/a25ba3d03b21fb9b1aada1f64d9be2d0995ce4897f4ebc031b1a03f455a1ab5d 200
[debug] [2026-04-12T19:09:27.204Z] <<< [apiv2][body] POST https://upload-firebasehosting.googleapis.com/upload/sites/nengovhela-badb4/versions/d9f5c1cdf462e0aa/files/a25ba3d03b21fb9b1aada1f64d9be2d0995ce4897f4ebc031b1a03f455a1ab5d [stream]
[debug] [2026-04-12T19:09:27.204Z] <<< [apiv2][status] POST https://upload-firebasehosting.googleapis.com/upload/sites/nengovhela-badb4/versions/d9f5c1cdf462e0aa/files/b219d6891eca84df9da7d34664f18497c1f2a8702a0eb984e9e993fddb030d65 200
[debug] [2026-04-12T19:09:27.205Z] <<< [apiv2][body] POST https://upload-firebasehosting.googleapis.com/upload/sites/nengovhela-badb4/versions/d9f5c1cdf462e0aa/files/b219d6891eca84df9da7d34664f18497c1f2a8702a0eb984e9e993fddb030d65 [stream]
[debug] [2026-04-12T19:09:27.205Z] <<< [apiv2][status] POST https://upload-firebasehosting.googleapis.com/upload/sites/nengovhela-badb4/versions/d9f5c1cdf462e0aa/files/79e5d32291891d287dbab728434825c10b97894d5610c7bcf18451f8eae666a5 200
[debug] [2026-04-12T19:09:27.205Z] <<< [apiv2][body] POST https://upload-firebasehosting.googleapis.com/upload/sites/nengovhela-badb4/versions/d9f5c1cdf462e0aa/files/79e5d32291891d287dbab728434825c10b97894d5610c7bcf18451f8eae666a5 [stream]
[debug] [2026-04-12T19:09:27.205Z] <<< [apiv2][status] POST https://upload-firebasehosting.googleapis.com/upload/sites/nengovhela-badb4/versions/d9f5c1cdf462e0aa/files/06f5012f981605b81ff33a9144195272b09b667c6e85b6159a2ba4802b11e4f2 200
[debug] [2026-04-12T19:09:27.205Z] <<< [apiv2][body] POST https://upload-firebasehosting.googleapis.com/upload/sites/nengovhela-badb4/versions/d9f5c1cdf462e0aa/files/06f5012f981605b81ff33a9144195272b09b667c6e85b6159a2ba4802b11e4f2 [stream]
[debug] [2026-04-12T19:09:27.205Z] <<< [apiv2][status] POST https://upload-firebasehosting.googleapis.com/upload/sites/nengovhela-badb4/versions/d9f5c1cdf462e0aa/files/d151688dc8d95444b9f0aeafbb398672894d5a9bd6f0ce02c59c328b47f601df 200
[debug] [2026-04-12T19:09:27.205Z] <<< [apiv2][body] POST https://upload-firebasehosting.googleapis.com/upload/sites/nengovhela-badb4/versions/d9f5c1cdf462e0aa/files/d151688dc8d95444b9f0aeafbb398672894d5a9bd6f0ce02c59c328b47f601df [stream]
[debug] [2026-04-12T19:09:27.212Z] <<< [apiv2][status] POST https://upload-firebasehosting.googleapis.com/upload/sites/nengovhela-badb4/versions/d9f5c1cdf462e0aa/files/2602dbb5ed1f8104478e049b7dc321fafa6d69270ef87e8a95368d1ed41fa466 200
[debug] [2026-04-12T19:09:27.212Z] <<< [apiv2][body] POST https://upload-firebasehosting.googleapis.com/upload/sites/nengovhela-badb4/versions/d9f5c1cdf462e0aa/files/2602dbb5ed1f8104478e049b7dc321fafa6d69270ef87e8a95368d1ed41fa466 [stream]
[debug] [2026-04-12T19:09:27.270Z] <<< [apiv2][status] POST https://upload-firebasehosting.googleapis.com/upload/sites/nengovhela-badb4/versions/d9f5c1cdf462e0aa/files/0ce3525b1b60eed7c6df5c8942d4dd2d4de49fa3bc35a6f9211ec4e3a563e324 200
[debug] [2026-04-12T19:09:27.270Z] <<< [apiv2][body] POST https://upload-firebasehosting.googleapis.com/upload/sites/nengovhela-badb4/versions/d9f5c1cdf462e0aa/files/0ce3525b1b60eed7c6df5c8942d4dd2d4de49fa3bc35a6f9211ec4e3a563e324 [stream]
[debug] [2026-04-12T19:09:27.271Z] <<< [apiv2][status] POST https://upload-firebasehosting.googleapis.com/upload/sites/nengovhela-badb4/versions/d9f5c1cdf462e0aa/files/ee7275907e2ecfc90e6a22bf74fabc0c2cfad7195365c5c7dd67ec9727a25226 200
[debug] [2026-04-12T19:09:27.271Z] <<< [apiv2][body] POST https://upload-firebasehosting.googleapis.com/upload/sites/nengovhela-badb4/versions/d9f5c1cdf462e0aa/files/ee7275907e2ecfc90e6a22bf74fabc0c2cfad7195365c5c7dd67ec9727a25226 [stream]
[debug] [2026-04-12T19:09:27.277Z] <<< [apiv2][status] POST https://upload-firebasehosting.googleapis.com/upload/sites/nengovhela-badb4/versions/d9f5c1cdf462e0aa/files/6c05c8aff3a726871dd562f83ca966aff1fc829105da67a6b3c61c65cff46e7b 200
[debug] [2026-04-12T19:09:27.277Z] <<< [apiv2][body] POST https://upload-firebasehosting.googleapis.com/upload/sites/nengovhela-badb4/versions/d9f5c1cdf462e0aa/files/6c05c8aff3a726871dd562f83ca966aff1fc829105da67a6b3c61c65cff46e7b [stream]
[debug] [2026-04-12T19:09:27.278Z] <<< [apiv2][status] POST https://upload-firebasehosting.googleapis.com/upload/sites/nengovhela-badb4/versions/d9f5c1cdf462e0aa/files/153f005f8eec5f4ad2ae51eb72c27bb1570c5a376410f4e551b30680a18aa2bd 200
[debug] [2026-04-12T19:09:27.278Z] <<< [apiv2][body] POST https://upload-firebasehosting.googleapis.com/upload/sites/nengovhela-badb4/versions/d9f5c1cdf462e0aa/files/153f005f8eec5f4ad2ae51eb72c27bb1570c5a376410f4e551b30680a18aa2bd [stream]
[debug] [2026-04-12T19:09:27.376Z] <<< [apiv2][status] POST https://upload-firebasehosting.googleapis.com/upload/sites/nengovhela-badb4/versions/d9f5c1cdf462e0aa/files/8357db3bac0c84ac8ceccd5604614437a398deabcc7c13f51dc60adf7e81d5c3 200
[debug] [2026-04-12T19:09:27.376Z] <<< [apiv2][body] POST https://upload-firebasehosting.googleapis.com/upload/sites/nengovhela-badb4/versions/d9f5c1cdf462e0aa/files/8357db3bac0c84ac8ceccd5604614437a398deabcc7c13f51dc60adf7e81d5c3 [stream]
[debug] [2026-04-12T19:09:27.400Z] <<< [apiv2][status] POST https://upload-firebasehosting.googleapis.com/upload/sites/nengovhela-badb4/versions/d9f5c1cdf462e0aa/files/9f03c93aa741a48a6c897a17b8e38925abcb6f032bd70f7fad113dfd24c2cb55 200
[debug] [2026-04-12T19:09:27.400Z] <<< [apiv2][body] POST https://upload-firebasehosting.googleapis.com/upload/sites/nengovhela-badb4/versions/d9f5c1cdf462e0aa/files/9f03c93aa741a48a6c897a17b8e38925abcb6f032bd70f7fad113dfd24c2cb55 [stream]
[debug] [2026-04-12T19:09:28.192Z] <<< [apiv2][status] POST https://upload-firebasehosting.googleapis.com/upload/sites/nengovhela-badb4/versions/d9f5c1cdf462e0aa/files/ef94c1e2f612b0f748511d90d1d74cfcfef42dff9af382a28018fd410847e1f4 200
[debug] [2026-04-12T19:09:28.192Z] <<< [apiv2][body] POST https://upload-firebasehosting.googleapis.com/upload/sites/nengovhela-badb4/versions/d9f5c1cdf462e0aa/files/ef94c1e2f612b0f748511d90d1d74cfcfef42dff9af382a28018fd410847e1f4 [stream]
[debug] [2026-04-12T19:09:28.401Z] <<< [apiv2][status] POST https://upload-firebasehosting.googleapis.com/upload/sites/nengovhela-badb4/versions/d9f5c1cdf462e0aa/files/af1b5add3acca5b2b9bcc82bc2e6ca4a64b16ac1f40247fa5e222b4e09dbb754 200
[debug] [2026-04-12T19:09:28.402Z] <<< [apiv2][body] POST https://upload-firebasehosting.googleapis.com/upload/sites/nengovhela-badb4/versions/d9f5c1cdf462e0aa/files/af1b5add3acca5b2b9bcc82bc2e6ca4a64b16ac1f40247fa5e222b4e09dbb754 [stream]
[debug] [2026-04-12T19:09:28.402Z] [hosting][upload queue][FINAL] {"max":9520,"min":8224,"avg":8493.687500000002,"active":0,"complete":16,"success":16,"errored":0,"retried":0,"total":16,"elapsed":9521}
[info] +  hosting[nengovhela-badb4]: file upload complete 
[debug] [2026-04-12T19:09:28.405Z] [hosting] deploy completed after 11866ms
[debug] [2026-04-12T19:09:28.405Z] [
  {
    "config": {
      "public": "out",
      "ignore": [
        "firebase.json",
        "**/.*",
        "**/node_modules/**"
      ],
      "rewrites": [
        {
          "source": "**",
          "destination": "/index.html"
        }
      ],
      "site": "nengovhela-badb4"
    },
    "version": "projects/277739146084/sites/nengovhela-badb4/versions/d9f5c1cdf462e0aa"
  }
]
[info] i  hosting[nengovhela-badb4]: finalizing version... 
[debug] [2026-04-12T19:09:28.409Z] Checked if tokens are valid: true, expires at: 1776024521452
[debug] [2026-04-12T19:09:28.410Z] Checked if tokens are valid: true, expires at: 1776024521452
[debug] [2026-04-12T19:09:28.411Z] >>> [apiv2][query] PATCH https://firebasehosting.googleapis.com/v1beta1/projects/-/sites/nengovhela-badb4/versions/d9f5c1cdf462e0aa updateMask=status%2Cconfig
[debug] [2026-04-12T19:09:28.411Z] >>> [apiv2][body] PATCH https://firebasehosting.googleapis.com/v1beta1/projects/-/sites/nengovhela-badb4/versions/d9f5c1cdf462e0aa {"status":"FINALIZED","config":{"rewrites":[{"glob":"**","path":"/index.html"}]}}
[debug] [2026-04-12T19:09:37.726Z] <<< [apiv2][status] PATCH https://firebasehosting.googleapis.com/v1beta1/projects/-/sites/nengovhela-badb4/versions/d9f5c1cdf462e0aa 200
[debug] [2026-04-12T19:09:37.726Z] <<< [apiv2][body] PATCH https://firebasehosting.googleapis.com/v1beta1/projects/-/sites/nengovhela-badb4/versions/d9f5c1cdf462e0aa {"name":"projects/277739146084/sites/nengovhela-badb4/versions/d9f5c1cdf462e0aa","status":"FINALIZED","config":{"rewrites":[{"glob":"**","path":"/index.html"}]},"labels":{"deployment-tool":"cli-firebase"},"createTime":"2026-04-12T19:09:14.426853Z","createUser":{"email":"thandululo99@gmail.com"},"finalizeTime":"2026-04-12T19:09:36.874485Z","finalizeUser":{"email":"thandululo99@gmail.com"}}
[debug] [2026-04-12T19:09:37.727Z] [hosting] finalized version for nengovhela-badb4:[object Object]
[info] +  hosting[nengovhela-badb4]: version finalized 
[info] i  hosting[nengovhela-badb4]: releasing new version... 
[debug] [2026-04-12T19:09:37.730Z] Checked if tokens are valid: true, expires at: 1776024521452
[debug] [2026-04-12T19:09:37.730Z] Checked if tokens are valid: true, expires at: 1776024521452
[debug] [2026-04-12T19:09:37.731Z] >>> [apiv2][query] POST https://firebasehosting.googleapis.com/v1beta1/projects/-/sites/nengovhela-badb4/channels/live/releases versionName=projects%2F277739146084%2Fsites%2Fnengovhela-badb4%2Fversions%2Fd9f5c1cdf462e0aa
[debug] [2026-04-12T19:09:37.731Z] >>> [apiv2][body] POST https://firebasehosting.googleapis.com/v1beta1/projects/-/sites/nengovhela-badb4/channels/live/releases {}
[debug] [2026-04-12T19:09:40.695Z] <<< [apiv2][status] POST https://firebasehosting.googleapis.com/v1beta1/projects/-/sites/nengovhela-badb4/channels/live/releases 200
[debug] [2026-04-12T19:09:40.696Z] <<< [apiv2][body] POST https://firebasehosting.googleapis.com/v1beta1/projects/-/sites/nengovhela-badb4/channels/live/releases {"name":"projects/277739146084/sites/nengovhela-badb4/channels/live/releases/1776020978708000","version":{"name":"projects/277739146084/sites/nengovhela-badb4/versions/d9f5c1cdf462e0aa","status":"FINALIZED","config":{"rewrites":[{"glob":"**","path":"/index.html"}]},"labels":{"deployment-tool":"cli-firebase"},"createTime":"2026-04-12T19:09:14.426853Z","createUser":{"email":"thandululo99@gmail.com","imageUrl":"https://lh3.googleusercontent.com/a/ACg8ocLNoU1riXXIj8aydiVA5F8gQR3GHq9B7D2xiqfR-6VyeAC1h5Qv"},"finalizeTime":"2026-04-12T19:09:36.874485Z","finalizeUser":{"email":"thandululo99@gmail.com","imageUrl":"https://lh3.googleusercontent.com/a/ACg8ocLNoU1riXXIj8aydiVA5F8gQR3GHq9B7D2xiqfR-6VyeAC1h5Qv"}},"type":"DEPLOY","releaseTime":"2026-04-12T19:09:38.708Z","releaseUser":{"email":"thandululo99@gmail.com","imageUrl":"https://lh3.googleusercontent.com/a/ACg8ocLNoU1riXXIj8aydiVA5F8gQR3GHq9B7D2xiqfR-6VyeAC1h5Qv"}}
[debug] [2026-04-12T19:09:40.696Z] [hosting] release: {"name":"projects/277739146084/sites/nengovhela-badb4/channels/live/releases/1776020978708000","version":{"name":"projects/277739146084/sites/nengovhela-badb4/versions/d9f5c1cdf462e0aa","status":"FINALIZED","config":{"rewrites":[{"glob":"**","path":"/index.html"}]},"labels":{"deployment-tool":"cli-firebase"},"createTime":"2026-04-12T19:09:14.426853Z","createUser":{"email":"thandululo99@gmail.com","imageUrl":"https://lh3.googleusercontent.com/a/ACg8ocLNoU1riXXIj8aydiVA5F8gQR3GHq9B7D2xiqfR-6VyeAC1h5Qv"},"finalizeTime":"2026-04-12T19:09:36.874485Z","finalizeUser":{"email":"thandululo99@gmail.com","imageUrl":"https://lh3.googleusercontent.com/a/ACg8ocLNoU1riXXIj8aydiVA5F8gQR3GHq9B7D2xiqfR-6VyeAC1h5Qv"}},"type":"DEPLOY","releaseTime":"2026-04-12T19:09:38.708Z","releaseUser":{"email":"thandululo99@gmail.com","imageUrl":"https://lh3.googleusercontent.com/a/ACg8ocLNoU1riXXIj8aydiVA5F8gQR3GHq9B7D2xiqfR-6VyeAC1h5Qv"}}
[info] +  hosting[nengovhela-badb4]: release complete 
[info] 
[info] +  Deploy complete! 
[info] 
[info] Project Console: https://console.firebase.google.com/project/nengovhela-badb4/overview
[info] Hosting URL: https://nengovhela-badb4.web.app
[debug] [2026-04-12T19:09:50.559Z] Error: Timed out.
    at Timeout.<anonymous> (C:\Users\thand\AppData\Roaming\npm\node_modules\firebase-tools\lib\utils.js:309:49)
    at listOnTimeout (node:internal/timers:605:17)
    at process.processTimers (node:internal/timers:541:7)
[error] 
[error] Error: An unexpected error has occurred.
